Evaluating DMS index 1
Computing scores for: FlA_HIM_RelAct_SMscan_insilico_library with Unirep /data/checkpoints/UniRep/1900_weights
Formatted 5682 sequences. Discarded 0 with stop codon.
----Running inference for batch # 0------
----Running inference for batch # 1------
----Running inference for batch # 2------
----Running inference for batch # 3------
----Running inference for batch # 4------
----Running inference for batch # 5------
----Running inference for batch # 6------
----Running inference for batch # 7------
----Running inference for batch # 8------
----Running inference for batch # 9------
----Running inference for batch # 10------
----Running inference for batch # 11------
----Running inference for batch # 12------
----Running inference for batch # 13------
----Running inference for batch # 14------
----Running inference for batch # 15------
----Running inference for batch # 16------
----Running inference for batch # 17------
----Running inference for batch # 18------
----Running inference for batch # 19------
----Running inference for batch # 20------
----Running inference for batch # 21------
----Running inference for batch # 22------
----Running inference for batch # 23------
----Running inference for batch # 24------
----Running inference for batch # 25------
----Running inference for batch # 26------
----Running inference for batch # 27------
----Running inference for batch # 28------
----Running inference for batch # 29------
----Running inference for batch # 30------
----Running inference for batch # 31------
----Running inference for batch # 32------
----Running inference for batch # 33------
----Running inference for batch # 34------
----Running inference for batch # 35------
----Running inference for batch # 36------
----Running inference for batch # 37------
----Running inference for batch # 38------
----Running inference for batch # 39------
----Running inference for batch # 40------
----Running inference for batch # 41------
----Running inference for batch # 42------
----Running inference for batch # 43------
----Running inference for batch # 44------
----Running inference for batch # 45------
----Running inference for batch # 46------
----Running inference for batch # 47------
----Running inference for batch # 48------
----Running inference for batch # 49------
----Running inference for batch # 50------
----Running inference for batch # 51------
----Running inference for batch # 52------
----Running inference for batch # 53------
----Running inference for batch # 54------
----Running inference for batch # 55------
----Running inference for batch # 56------
----Running inference for batch # 57------
----Running inference for batch # 58------
----Running inference for batch # 59------
----Running inference for batch # 60------
----Running inference for batch # 61------
----Running inference for batch # 62------
----Running inference for batch # 63------
----Running inference for batch # 64------
----Running inference for batch # 65------
----Running inference for batch # 66------
----Running inference for batch # 67------
----Running inference for batch # 68------
----Running inference for batch # 69------
----Running inference for batch # 70------
----Running inference for batch # 71------
----Running inference for batch # 72------
----Running inference for batch # 73------
----Running inference for batch # 74------
----Running inference for batch # 75------
----Running inference for batch # 76------
----Running inference for batch # 77------
----Running inference for batch # 78------
----Running inference for batch # 79------
----Running inference for batch # 80------
----Running inference for batch # 81------
----Running inference for batch # 82------
----Running inference for batch # 83------
----Running inference for batch # 84------
----Running inference for batch # 85------
----Running inference for batch # 86------
----Running inference for batch # 87------
----Running inference for batch # 88------
----Running inference for batch # 89------
----Running inference for batch # 90------
----Running inference for batch # 91------
----Running inference for batch # 92------
----Running inference for batch # 93------
----Running inference for batch # 94------
----Running inference for batch # 95------
----Running inference for batch # 96------
----Running inference for batch # 97------
----Running inference for batch # 98------
----Running inference for batch # 99------
----Running inference for batch # 100------
----Running inference for batch # 101------
----Running inference for batch # 102------
----Running inference for batch # 103------
----Running inference for batch # 104------
----Running inference for batch # 105------
----Running inference for batch # 106------
----Running inference for batch # 107------
----Running inference for batch # 108------
----Running inference for batch # 109------
----Running inference for batch # 110------
----Running inference for batch # 111------
----Running inference for batch # 112------
----Running inference for batch # 113------
----Running inference for batch # 114------
----Running inference for batch # 115------
----Running inference for batch # 116------
----Running inference for batch # 117------
----Running inference for batch # 118------
----Running inference for batch # 119------
----Running inference for batch # 120------
----Running inference for batch # 121------
----Running inference for batch # 122------
----Running inference for batch # 123------
----Running inference for batch # 124------
----Running inference for batch # 125------
----Running inference for batch # 126------
----Running inference for batch # 127------
----Running inference for batch # 128------
----Running inference for batch # 129------
----Running inference for batch # 130------
----Running inference for batch # 131------
----Running inference for batch # 132------
----Running inference for batch # 133------
----Running inference for batch # 134------
----Running inference for batch # 135------
----Running inference for batch # 136------
----Running inference for batch # 137------
----Running inference for batch # 138------
----Running inference for batch # 139------
----Running inference for batch # 140------
----Running inference for batch # 141------
----Running inference for batch # 142------
----Running inference for batch # 143------
----Running inference for batch # 144------
----Running inference for batch # 145------
----Running inference for batch # 146------
----Running inference for batch # 147------
----Running inference for batch # 148------
----Running inference for batch # 149------
----Running inference for batch # 150------
----Running inference for batch # 151------
----Running inference for batch # 152------
----Running inference for batch # 153------
----Running inference for batch # 154------
----Running inference for batch # 155------
----Running inference for batch # 156------
----Running inference for batch # 157------
----Running inference for batch # 158------
----Running inference for batch # 159------
----Running inference for batch # 160------
----Running inference for batch # 161------
----Running inference for batch # 162------
----Running inference for batch # 163------
----Running inference for batch # 164------
----Running inference for batch # 165------
----Running inference for batch # 166------
----Running inference for batch # 167------
----Running inference for batch # 168------
----Running inference for batch # 169------
----Running inference for batch # 170------
----Running inference for batch # 171------
----Running inference for batch # 172------
----Running inference for batch # 173------
----Running inference for batch # 174------
----Running inference for batch # 175------
----Running inference for batch # 176------
----Running inference for batch # 177------
----Running inference for batch # 178------
----Running inference for batch # 179------
----Running inference for batch # 180------
----Running inference for batch # 181------
----Running inference for batch # 182------
----Running inference for batch # 183------
----Running inference for batch # 184------
----Running inference for batch # 185------
----Running inference for batch # 186------
----Running inference for batch # 187------
----Running inference for batch # 188------
----Running inference for batch # 189------
----Running inference for batch # 190------
----Running inference for batch # 191------
----Running inference for batch # 192------
----Running inference for batch # 193------
----Running inference for batch # 194------
----Running inference for batch # 195------
----Running inference for batch # 196------
----Running inference for batch # 197------
----Running inference for batch # 198------
----Running inference for batch # 199------
----Running inference for batch # 200------
----Running inference for batch # 201------
----Running inference for batch # 202------
----Running inference for batch # 203------
----Running inference for batch # 204------
----Running inference for batch # 205------
----Running inference for batch # 206------
----Running inference for batch # 207------
----Running inference for batch # 208------
----Running inference for batch # 209------
----Running inference for batch # 210------
----Running inference for batch # 211------
----Running inference for batch # 212------
----Running inference for batch # 213------
----Running inference for batch # 214------
----Running inference for batch # 215------
----Running inference for batch # 216------
----Running inference for batch # 217------
----Running inference for batch # 218------
----Running inference for batch # 219------
----Running inference for batch # 220------
----Running inference for batch # 221------
----Running inference for batch # 222------
----Running inference for batch # 223------
----Running inference for batch # 224------
----Running inference for batch # 225------
----Running inference for batch # 226------
----Running inference for batch # 227------
----Running inference for batch # 228------
----Running inference for batch # 229------
----Running inference for batch # 230------
----Running inference for batch # 231------
----Running inference for batch # 232------
----Running inference for batch # 233------
----Running inference for batch # 234------
----Running inference for batch # 235------
----Running inference for batch # 236------
----Running inference for batch # 237------
----Running inference for batch # 238------
----Running inference for batch # 239------
----Running inference for batch # 240------
----Running inference for batch # 241------
----Running inference for batch # 242------
----Running inference for batch # 243------
----Running inference for batch # 244------
----Running inference for batch # 245------
----Running inference for batch # 246------
----Running inference for batch # 247------
----Running inference for batch # 248------
----Running inference for batch # 249------
----Running inference for batch # 250------
----Running inference for batch # 251------
----Running inference for batch # 252------
----Running inference for batch # 253------
----Running inference for batch # 254------
----Running inference for batch # 255------
----Running inference for batch # 256------
----Running inference for batch # 257------
----Running inference for batch # 258------
----Running inference for batch # 259------
----Running inference for batch # 260------
----Running inference for batch # 261------
----Running inference for batch # 262------
----Running inference for batch # 263------
----Running inference for batch # 264------
----Running inference for batch # 265------
----Running inference for batch # 266------
----Running inference for batch # 267------
----Running inference for batch # 268------
----Running inference for batch # 269------
----Running inference for batch # 270------
----Running inference for batch # 271------
----Running inference for batch # 272------
----Running inference for batch # 273------
----Running inference for batch # 274------
----Running inference for batch # 275------
----Running inference for batch # 276------
----Running inference for batch # 277------
----Running inference for batch # 278------
----Running inference for batch # 279------
----Running inference for batch # 280------
----Running inference for batch # 281------
----Running inference for batch # 282------
----Running inference for batch # 283------
----Running inference for batch # 284------
----Running inference for batch # 285------
----Running inference for batch # 286------
----Running inference for batch # 287------
----Running inference for batch # 288------
----Running inference for batch # 289------
----Running inference for batch # 290------
----Running inference for batch # 291------
----Running inference for batch # 292------
----Running inference for batch # 293------
----Running inference for batch # 294------
----Running inference for batch # 295------
----Running inference for batch # 296------
----Running inference for batch # 297------
----Running inference for batch # 298------
----Running inference for batch # 299------
----Running inference for batch # 300------
----Running inference for batch # 301------
----Running inference for batch # 302------
----Running inference for batch # 303------
----Running inference for batch # 304------
----Running inference for batch # 305------
----Running inference for batch # 306------
----Running inference for batch # 307------
----Running inference for batch # 308------
----Running inference for batch # 309------
----Running inference for batch # 310------
----Running inference for batch # 311------
----Running inference for batch # 312------
----Running inference for batch # 313------
----Running inference for batch # 314------
----Running inference for batch # 315------
----Running inference for batch # 316------
----Running inference for batch # 317------
----Running inference for batch # 318------
----Running inference for batch # 319------
----Running inference for batch # 320------
----Running inference for batch # 321------
----Running inference for batch # 322------
----Running inference for batch # 323------
----Running inference for batch # 324------
----Running inference for batch # 325------
----Running inference for batch # 326------
----Running inference for batch # 327------
----Running inference for batch # 328------
----Running inference for batch # 329------
----Running inference for batch # 330------
----Running inference for batch # 331------
----Running inference for batch # 332------
----Running inference for batch # 333------
----Running inference for batch # 334------
----Running inference for batch # 335------
----Running inference for batch # 336------
----Running inference for batch # 337------
----Running inference for batch # 338------
----Running inference for batch # 339------
----Running inference for batch # 340------
----Running inference for batch # 341------
----Running inference for batch # 342------
----Running inference for batch # 343------
----Running inference for batch # 344------
----Running inference for batch # 345------
----Running inference for batch # 346------
----Running inference for batch # 347------
----Running inference for batch # 348------
----Running inference for batch # 349------
----Running inference for batch # 350------
----Running inference for batch # 351------
----Running inference for batch # 352------
----Running inference for batch # 353------
----Running inference for batch # 354------
----Running inference for batch # 355------
----Running inference for batch # 356------
----Running inference for batch # 357------
----Running inference for batch # 358------
----Running inference for batch # 359------
----Running inference for batch # 360------
----Running inference for batch # 361------
----Running inference for batch # 362------
----Running inference for batch # 363------
----Running inference for batch # 364------
----Running inference for batch # 365------
----Running inference for batch # 366------
----Running inference for batch # 367------
----Running inference for batch # 368------
----Running inference for batch # 369------
----Running inference for batch # 370------
----Running inference for batch # 371------
----Running inference for batch # 372------
----Running inference for batch # 373------
----Running inference for batch # 374------
----Running inference for batch # 375------
----Running inference for batch # 376------
----Running inference for batch # 377------
----Running inference for batch # 378------
----Running inference for batch # 379------
----Running inference for batch # 380------
----Running inference for batch # 381------
----Running inference for batch # 382------
----Running inference for batch # 383------
----Running inference for batch # 384------
----Running inference for batch # 385------
----Running inference for batch # 386------
----Running inference for batch # 387------
----Running inference for batch # 388------
----Running inference for batch # 389------
----Running inference for batch # 390------
----Running inference for batch # 391------
----Running inference for batch # 392------
----Running inference for batch # 393------
----Running inference for batch # 394------
----Running inference for batch # 395------
----Running inference for batch # 396------
----Running inference for batch # 397------
----Running inference for batch # 398------
----Running inference for batch # 399------
----Running inference for batch # 400------
----Running inference for batch # 401------
----Running inference for batch # 402------
----Running inference for batch # 403------
----Running inference for batch # 404------
----Running inference for batch # 405------
----Running inference for batch # 406------
----Running inference for batch # 407------
----Running inference for batch # 408------
----Running inference for batch # 409------
----Running inference for batch # 410------
----Running inference for batch # 411------
----Running inference for batch # 412------
----Running inference for batch # 413------
----Running inference for batch # 414------
----Running inference for batch # 415------
----Running inference for batch # 416------
----Running inference for batch # 417------
----Running inference for batch # 418------
----Running inference for batch # 419------
----Running inference for batch # 420------
----Running inference for batch # 421------
----Running inference for batch # 422------
----Running inference for batch # 423------
----Running inference for batch # 424------
----Running inference for batch # 425------
----Running inference for batch # 426------
----Running inference for batch # 427------
----Running inference for batch # 428------
----Running inference for batch # 429------
----Running inference for batch # 430------
----Running inference for batch # 431------
----Running inference for batch # 432------
----Running inference for batch # 433------
----Running inference for batch # 434------
----Running inference for batch # 435------
----Running inference for batch # 436------
----Running inference for batch # 437------
----Running inference for batch # 438------
----Running inference for batch # 439------
----Running inference for batch # 440------
----Running inference for batch # 441------
----Running inference for batch # 442------
----Running inference for batch # 443------
----Running inference for batch # 444------
----Running inference for batch # 445------
----Running inference for batch # 446------
----Running inference for batch # 447------
----Running inference for batch # 448------
----Running inference for batch # 449------
----Running inference for batch # 450------
----Running inference for batch # 451------
----Running inference for batch # 452------
----Running inference for batch # 453------
----Running inference for batch # 454------
----Running inference for batch # 455------
----Running inference for batch # 456------
----Running inference for batch # 457------
----Running inference for batch # 458------
----Running inference for batch # 459------
----Running inference for batch # 460------
----Running inference for batch # 461------
----Running inference for batch # 462------
----Running inference for batch # 463------
----Running inference for batch # 464------
----Running inference for batch # 465------
----Running inference for batch # 466------
----Running inference for batch # 467------
----Running inference for batch # 468------
----Running inference for batch # 469------
----Running inference for batch # 470------
----Running inference for batch # 471------
----Running inference for batch # 472------
----Running inference for batch # 473------
----Running inference for batch # 474------
----Running inference for batch # 475------
----Running inference for batch # 476------
----Running inference for batch # 477------
----Running inference for batch # 478------
----Running inference for batch # 479------
----Running inference for batch # 480------
----Running inference for batch # 481------
----Running inference for batch # 482------
----Running inference for batch # 483------
----Running inference for batch # 484------
----Running inference for batch # 485------
----Running inference for batch # 486------
----Running inference for batch # 487------
----Running inference for batch # 488------
----Running inference for batch # 489------
----Running inference for batch # 490------
----Running inference for batch # 491------
----Running inference for batch # 492------
----Running inference for batch # 493------
----Running inference for batch # 494------
----Running inference for batch # 495------
----Running inference for batch # 496------
----Running inference for batch # 497------
----Running inference for batch # 498------
----Running inference for batch # 499------
----Running inference for batch # 500------
----Running inference for batch # 501------
----Running inference for batch # 502------
----Running inference for batch # 503------
----Running inference for batch # 504------
----Running inference for batch # 505------
----Running inference for batch # 506------
----Running inference for batch # 507------
----Running inference for batch # 508------
----Running inference for batch # 509------
----Running inference for batch # 510------
----Running inference for batch # 511------
----Running inference for batch # 512------
----Running inference for batch # 513------
----Running inference for batch # 514------
----Running inference for batch # 515------
----Running inference for batch # 516------
----Running inference for batch # 517------
----Running inference for batch # 518------
----Running inference for batch # 519------
----Running inference for batch # 520------
----Running inference for batch # 521------
----Running inference for batch # 522------
----Running inference for batch # 523------
----Running inference for batch # 524------
----Running inference for batch # 525------
----Running inference for batch # 526------
----Running inference for batch # 527------
----Running inference for batch # 528------
----Running inference for batch # 529------
----Running inference for batch # 530------
----Running inference for batch # 531------
----Running inference for batch # 532------
----Running inference for batch # 533------
----Running inference for batch # 534------
----Running inference for batch # 535------
----Running inference for batch # 536------
----Running inference for batch # 537------
----Running inference for batch # 538------
----Running inference for batch # 539------
----Running inference for batch # 540------
----Running inference for batch # 541------
----Running inference for batch # 542------
----Running inference for batch # 543------
----Running inference for batch # 544------
----Running inference for batch # 545------
----Running inference for batch # 546------
----Running inference for batch # 547------
----Running inference for batch # 548------
----Running inference for batch # 549------
----Running inference for batch # 550------
----Running inference for batch # 551------
----Running inference for batch # 552------
----Running inference for batch # 553------
----Running inference for batch # 554------
----Running inference for batch # 555------
----Running inference for batch # 556------
----Running inference for batch # 557------
----Running inference for batch # 558------
----Running inference for batch # 559------
----Running inference for batch # 560------
----Running inference for batch # 561------
----Running inference for batch # 562------
----Running inference for batch # 563------
----Running inference for batch # 564------
----Running inference for batch # 565------
----Running inference for batch # 566------
----Running inference for batch # 567------
----Running inference for batch # 568------
----Running inference for batch # 569------
----Running inference for batch # 570------
----Running inference for batch # 571------
----Running inference for batch # 572------
----Running inference for batch # 573------
----Running inference for batch # 574------
----Running inference for batch # 575------
----Running inference for batch # 576------
----Running inference for batch # 577------
----Running inference for batch # 578------
----Running inference for batch # 579------
----Running inference for batch # 580------
----Running inference for batch # 581------
----Running inference for batch # 582------
----Running inference for batch # 583------
----Running inference for batch # 584------
----Running inference for batch # 585------
----Running inference for batch # 586------
----Running inference for batch # 587------
----Running inference for batch # 588------
----Running inference for batch # 589------
----Running inference for batch # 590------
----Running inference for batch # 591------
----Running inference for batch # 592------
----Running inference for batch # 593------
----Running inference for batch # 594------
----Running inference for batch # 595------
----Running inference for batch # 596------
----Running inference for batch # 597------
----Running inference for batch # 598------
----Running inference for batch # 599------
----Running inference for batch # 600------
----Running inference for batch # 601------
----Running inference for batch # 602------
----Running inference for batch # 603------
----Running inference for batch # 604------
----Running inference for batch # 605------
----Running inference for batch # 606------
----Running inference for batch # 607------
----Running inference for batch # 608------
----Running inference for batch # 609------
----Running inference for batch # 610------
----Running inference for batch # 611------
----Running inference for batch # 612------
----Running inference for batch # 613------
----Running inference for batch # 614------
----Running inference for batch # 615------
----Running inference for batch # 616------
----Running inference for batch # 617------
----Running inference for batch # 618------
----Running inference for batch # 619------
----Running inference for batch # 620------
----Running inference for batch # 621------
----Running inference for batch # 622------
----Running inference for batch # 623------
----Running inference for batch # 624------
----Running inference for batch # 625------
----Running inference for batch # 626------
----Running inference for batch # 627------
----Running inference for batch # 628------
----Running inference for batch # 629------
----Running inference for batch # 630------
----Running inference for batch # 631------
----Running inference for batch # 632------
----Running inference for batch # 633------
----Running inference for batch # 634------
----Running inference for batch # 635------
----Running inference for batch # 636------
----Running inference for batch # 637------
----Running inference for batch # 638------
----Running inference for batch # 639------
----Running inference for batch # 640------
----Running inference for batch # 641------
----Running inference for batch # 642------
----Running inference for batch # 643------
----Running inference for batch # 644------
----Running inference for batch # 645------
----Running inference for batch # 646------
----Running inference for batch # 647------
----Running inference for batch # 648------
----Running inference for batch # 649------
----Running inference for batch # 650------
----Running inference for batch # 651------
----Running inference for batch # 652------
----Running inference for batch # 653------
----Running inference for batch # 654------
----Running inference for batch # 655------
----Running inference for batch # 656------
----Running inference for batch # 657------
----Running inference for batch # 658------
----Running inference for batch # 659------
----Running inference for batch # 660------
----Running inference for batch # 661------
----Running inference for batch # 662------
----Running inference for batch # 663------
----Running inference for batch # 664------
----Running inference for batch # 665------
----Running inference for batch # 666------
----Running inference for batch # 667------
----Running inference for batch # 668------
----Running inference for batch # 669------
----Running inference for batch # 670------
----Running inference for batch # 671------
----Running inference for batch # 672------
----Running inference for batch # 673------
----Running inference for batch # 674------
----Running inference for batch # 675------
----Running inference for batch # 676------
----Running inference for batch # 677------
----Running inference for batch # 678------
----Running inference for batch # 679------
----Running inference for batch # 680------
----Running inference for batch # 681------
----Running inference for batch # 682------
----Running inference for batch # 683------
----Running inference for batch # 684------
----Running inference for batch # 685------
----Running inference for batch # 686------
----Running inference for batch # 687------
----Running inference for batch # 688------
----Running inference for batch # 689------
----Running inference for batch # 690------
----Running inference for batch # 691------
----Running inference for batch # 692------
----Running inference for batch # 693------
----Running inference for batch # 694------
----Running inference for batch # 695------
----Running inference for batch # 696------
----Running inference for batch # 697------
----Running inference for batch # 698------
----Running inference for batch # 699------
----Running inference for batch # 700------
----Running inference for batch # 701------
----Running inference for batch # 702------
----Running inference for batch # 703------
----Running inference for batch # 704------
----Running inference for batch # 705------
----Running inference for batch # 706------
----Running inference for batch # 707------
----Running inference for batch # 708------
----Running inference for batch # 709------
----Running inference for batch # 710------
Ran inference on 5682 sequences. Saved results to /home/dahala/mnt/PRIZM/results/UniRep.
Time taken for 1: 220.692928511 seconds
